<?xml version="1.0" encoding="UTF-8"?>
<testsuites name="jest tests" tests="3" failures="0" errors="0" time="0.417">
  <testsuite name="undefined" errors="0" failures="0" skipped="0" timestamp="2026-05-07T22:33:38" time="0.335" tests="3">
    <testcase classname=" GET /todos returns empty array initially" name=" GET /todos returns empty array initially" time="0.017">
    </testcase>
    <testcase classname=" POST /todos adds a new todo" name=" POST /todos adds a new todo" time="0.013">
    </testcase>
    <testcase classname=" DELETE /todos/:index removes a todo" name=" DELETE /todos/:index removes a todo" time="0.003">
    </testcase>
  </testsuite>
</testsuites>